<html lang="en">
<head>
    <meta charset="utf-8">
    <title>Mon site | La première page de mon site !</title>
    </head>
<body>
<ul>
    <li><a href="index.html">home</a></li>
    <li><a href="/content/page.html">page</a></li>
</ul><h1>Un titre</h1>
<p>Le contenu de la première page de mon site!</p>
<p><em>Avec une liste:</em></p>
<ul>
<li>Un</li>
<li>deux</li>
<li>3</li>
</ul>
<p>Et un <a href="https://www.youtube.com/watch?v=dQw4w9WgXcQ">lien</a></p>

</body>
</html>